{
  "sampled": 25,
  "row_counts_seen": [
    843,
    844
  ],
  "bad": [
    [
      "train-00216-of-00249.parquet",
      843,
      {
        "2": 299,
        "1": 279,
        "0": 265
      }
    ],
    [
      "train-00098-of-00249.parquet",
      843,
      {
        "1": 271,
        "2": 277,
        "0": 295
      }
    ],
    [
      "train-00194-of-00249.parquet",
      843,
      {
        "0": 304,
        "2": 264,
        "1": 275
      }
    ],
    [
      "train-00227-of-00249.parquet",
      843,
      {
        "1": 293,
        "0": 269,
        "2": 281
      }
    ],
    [
      "train-00107-of-00249.parquet",
      843,
      {
        "1": 288,
        "2": 285,
        "0": 270
      }
    ],
    [
      "train-00130-of-00249.parquet",
      843,
      {
        "1": 287,
        "0": 287,
        "2": 269
      }
    ],
    [
      "train-00124-of-00249.parquet",
      843,
      {
        "0": 306,
        "1": 262,
        "2": 275
      }
    ],
    [
      "train-00103-of-00249.parquet",
      843,
      {
        "0": 277,
        "2": 295,
        "1": 271
      }
    ],
    [
      "train-00235-of-00249.parquet",
      843,
      {
        "2": 292,
        "1": 263,
        "0": 288
      }
    ],
    [
      "train-00200-of-00249.parquet",
      843,
      {
        "0": 280,
        "2": 270,
        "1": 293
      }
    ],
    [
      "train-00212-of-00249.parquet",
      843,
      {
        "1": 287,
        "0": 261,
        "2": 295
      }
    ],
    [
      "train-00122-of-00249.parquet",
      843,
      {
        "0": 306,
        "2": 255,
        "1": 282
      }
    ],
    [
      "train-00149-of-00249.parquet",
      843,
      {
        "1": 251,
        "2": 296,
        "0": 296
      }
    ],
    [
      "train-00228-of-00249.parquet",
      843,
      {
        "1": 308,
        "0": 276,
        "2": 259
      }
    ],
    [
      "train-00129-of-00249.parquet",
      843,
      {
        "1": 289,
        "2": 275,
        "0": 279
      }
    ],
    [
      "train-00231-of-00249.parquet",
      843,
      {
        "2": 287,
        "0": 281,
        "1": 275
      }
    ],
    [
      "train-00193-of-00249.parquet",
      843,
      {
        "0": 273,
        "2": 312,
        "1": 258
      }
    ]
  ]
}
