=== at_pgd ===
  [at_pgd] initialized from standard.pt (epoch 7, 0.8697)
/home/samuel-renteria/Desktop/FILES/PROJECTS/trustfake/wp1/src/train.py:209: UserWarning: Detected call of `lr_scheduler.step()` before `optimizer.step()`. In PyTorch 1.1.0 and later, you should call them in the opposite order: `optimizer.step()` before `lr_scheduler.step()`.  Failure to do this will result in PyTorch skipping the first value of the learning rate schedule. See more details at https://pytorch.org/docs/stable/optim.html#how-to-adjust-learning-rate
  sched.step()
/home/samuel-renteria/Desktop/FILES/PROJECTS/trustfake/wp1/src/train.py:210: UserWarning: Converting a tensor with requires_grad=True to a scalar may lead to unexpected behavior.
Consider using tensor.detach() first. (Triggered internally at /__w/pytorch/pytorch/torch/csrc/autograd/generated/python_variable_methods.cpp:822.)
  run_loss += float(loss) * y.numel()
  [at_pgd] ep 1/12 eps 0.5/255 loss 1.1222  fit_val clean 0.8548  robust 0.7168  (2.8 min)
  [at_pgd] ep 2/12 eps 1.0/255 loss 0.5981  fit_val clean 0.8305  robust 0.7115  (5.5 min)
  [at_pgd] ep 3/12 eps 1.5/255 loss 0.5722  fit_val clean 0.8233  robust 0.7210  (8.1 min)
  [at_pgd] ep 4/12 eps 2.0/255 loss 0.5658  fit_val clean 0.8233  robust 0.6901  (10.8 min)
  [at_pgd] ep 5/12 eps 2.0/255 loss 0.5334  fit_val clean 0.8007  robust 0.7269  (13.9 min)
  [at_pgd] ep 6/12 eps 2.0/255 loss 0.5110  fit_val clean 0.8073  robust 0.7305  (17.7 min)
  [at_pgd] ep 7/12 eps 2.0/255 loss 0.4907  fit_val clean 0.8251  robust 0.7246  (21.4 min)
  [at_pgd] ep 8/12 eps 2.0/255 loss 0.4696  fit_val clean 0.8239  robust 0.7204  (24.9 min)
  [at_pgd] ep 9/12 eps 2.0/255 loss 0.4410  fit_val clean 0.8251  robust 0.7359  (28.4 min)
  [at_pgd] ep10/12 eps 2.0/255 loss 0.4120  fit_val clean 0.8180  robust 0.7055  (31.8 min)
  [at_pgd] ep11/12 eps 2.0/255 loss 0.3846  fit_val clean 0.8209  robust 0.7097  (34.6 min)
  [at_pgd] ep12/12 eps 2.0/255 loss 0.3581  fit_val clean 0.8293  robust 0.7299  (36.9 min)
  [at_pgd] best 0.7359 -> /home/samuel-renteria/Desktop/FILES/PROJECTS/trustfake/wp1/runs/checkpoints/at_pgd.pt  (36.9 min)
=== trades ===
  [trades] initialized from standard.pt (epoch 7, 0.8697)
  [trades] ep 1/12 eps 0.5/255 loss 2.0187  fit_val clean 0.8037  robust 0.6651  (2.6 min)
  [trades] ep 2/12 eps 1.0/255 loss 0.5991  fit_val clean 0.7894  robust 0.6579  (5.6 min)
  [trades] ep 3/12 eps 1.5/255 loss 0.5691  fit_val clean 0.7948  robust 0.6889  (8.3 min)
  [trades] ep 4/12 eps 2.0/255 loss 0.5543  fit_val clean 0.7983  robust 0.6811  (11.3 min)
  [trades] ep 5/12 eps 2.0/255 loss 0.5252  fit_val clean 0.7829  robust 0.7121  (14.3 min)
  [trades] ep 6/12 eps 2.0/255 loss 0.5018  fit_val clean 0.7942  robust 0.7216  (17.4 min)
  [trades] ep 7/12 eps 2.0/255 loss 0.4848  fit_val clean 0.8055  robust 0.7002  (20.4 min)
  [trades] ep 8/12 eps 2.0/255 loss 0.4694  fit_val clean 0.8019  robust 0.7103  (23.3 min)
  [trades] ep 9/12 eps 2.0/255 loss 0.4495  fit_val clean 0.8138  robust 0.7222  (26.3 min)
  [trades] ep10/12 eps 2.0/255 loss 0.4315  fit_val clean 0.7989  robust 0.6924  (30.5 min)
  [trades] ep11/12 eps 2.0/255 loss 0.4166  fit_val clean 0.8108  robust 0.7043  (33.6 min)
  [trades] ep12/12 eps 2.0/255 loss 0.4034  fit_val clean 0.8096  robust 0.7103  (36.5 min)
  [trades] best 0.7222 -> /home/samuel-renteria/Desktop/FILES/PROJECTS/trustfake/wp1/runs/checkpoints/trades.pt  (36.5 min)
