=== standard ===
  [standard] initialized from phase1_init.pt (epoch 7, 0.8697)
/home/samuel-renteria/Desktop/FILES/PROJECTS/trustfake/wp1/src/train.py:210: UserWarning: Converting a tensor with requires_grad=True to a scalar may lead to unexpected behavior.
Consider using tensor.detach() first. (Triggered internally at /__w/pytorch/pytorch/torch/csrc/autograd/generated/python_variable_methods.cpp:822.)
  run_loss += float(loss) * y.numel()
  [standard_eps2_255] ep 1/12 eps 0.5/255 loss 0.0484  fit_val clean 0.7692  robust 0.0940  (0.9 min)
  [standard_eps2_255] ep 2/12 eps 1.0/255 loss 0.0469  fit_val clean 0.7692  robust 0.0869  (1.6 min)
  [standard_eps2_255] ep 3/12 eps 1.5/255 loss 0.0470  fit_val clean 0.8537  robust 0.0869  (2.4 min)
  [standard_eps2_255] ep 4/12 eps 2.0/255 loss 0.0595  fit_val clean 0.8031  robust 0.0583  (3.0 min)
  [standard_eps2_255] ep 5/12 eps 2.0/255 loss 0.0496  fit_val clean 0.6782  robust 0.2302  (3.7 min)
  [standard_eps2_255] ep 6/12 eps 2.0/255 loss 0.0613  fit_val clean 0.7858  robust 0.0821  (4.4 min)
  [standard_eps2_255] ep 7/12 eps 2.0/255 loss 0.0483  fit_val clean 0.8251  robust 0.0964  (5.1 min)
  [standard_eps2_255] ep 8/12 eps 2.0/255 loss 0.0722  fit_val clean 0.7353  robust 0.0928  (5.9 min)
  [standard_eps2_255] ep 9/12 eps 2.0/255 loss 0.0526  fit_val clean 0.8328  robust 0.0571  (6.6 min)
  [standard_eps2_255] ep10/12 eps 2.0/255 loss 0.0306  fit_val clean 0.7888  robust 0.1261  (7.4 min)
  [standard_eps2_255] ep11/12 eps 2.0/255 loss 0.0180  fit_val clean 0.8162  robust 0.1077  (8.1 min)
  [standard_eps2_255] ep12/12 eps 2.0/255 loss 0.0136  fit_val clean 0.8174  robust 0.1005  (8.8 min)
  [standard_eps2_255] best 0.8537 -> /home/samuel-renteria/Desktop/FILES/PROJECTS/trustfake/wp1/runs/checkpoints/standard_eps2_255.pt  (8.8 min)
=== at_pgd ===
  [at_pgd] initialized from phase1_init.pt (epoch 7, 0.8697)
/home/samuel-renteria/Desktop/FILES/PROJECTS/trustfake/wp1/src/train.py:209: UserWarning: Detected call of `lr_scheduler.step()` before `optimizer.step()`. In PyTorch 1.1.0 and later, you should call them in the opposite order: `optimizer.step()` before `lr_scheduler.step()`.  Failure to do this will result in PyTorch skipping the first value of the learning rate schedule. See more details at https://pytorch.org/docs/stable/optim.html#how-to-adjust-learning-rate
  sched.step()
  [at_pgd_eps2_255] ep 1/12 eps 0.5/255 loss 1.1040  fit_val clean 0.8537  robust 0.7180  (2.6 min)
  [at_pgd_eps2_255] ep 2/12 eps 1.0/255 loss 0.5980  fit_val clean 0.8299  robust 0.7121  (5.2 min)
  [at_pgd_eps2_255] ep 3/12 eps 1.5/255 loss 0.5721  fit_val clean 0.8233  robust 0.7204  (7.5 min)
  [at_pgd_eps2_255] ep 4/12 eps 2.0/255 loss 0.5658  fit_val clean 0.8227  robust 0.6883  (9.8 min)
  [at_pgd_eps2_255] ep 5/12 eps 2.0/255 loss 0.5332  fit_val clean 0.7995  robust 0.7246  (12.0 min)
  [at_pgd_eps2_255] ep 6/12 eps 2.0/255 loss 0.5112  fit_val clean 0.8079  robust 0.7305  (14.3 min)
  [at_pgd_eps2_255] ep 7/12 eps 2.0/255 loss 0.4909  fit_val clean 0.8263  robust 0.7264  (16.4 min)
  [at_pgd_eps2_255] ep 8/12 eps 2.0/255 loss 0.4696  fit_val clean 0.8215  robust 0.7228  (18.6 min)
  [at_pgd_eps2_255] ep 9/12 eps 2.0/255 loss 0.4412  fit_val clean 0.8251  robust 0.7353  (20.7 min)
  [at_pgd_eps2_255] ep10/12 eps 2.0/255 loss 0.4123  fit_val clean 0.8186  robust 0.7079  (22.9 min)
  [at_pgd_eps2_255] ep11/12 eps 2.0/255 loss 0.3848  fit_val clean 0.8227  robust 0.7115  (25.1 min)
  [at_pgd_eps2_255] ep12/12 eps 2.0/255 loss 0.3582  fit_val clean 0.8269  robust 0.7305  (27.3 min)
  [at_pgd_eps2_255] best 0.7353 -> /home/samuel-renteria/Desktop/FILES/PROJECTS/trustfake/wp1/runs/checkpoints/at_pgd_eps2_255.pt  (27.3 min)
=== trades ===
  [trades] initialized from phase1_init.pt (epoch 7, 0.8697)
  [trades_eps2_255] ep 1/12 eps 0.5/255 loss 2.0165  fit_val clean 0.8025  robust 0.6663  (2.4 min)
  [trades_eps2_255] ep 2/12 eps 1.0/255 loss 0.5997  fit_val clean 0.7918  robust 0.6603  (5.1 min)
  [trades_eps2_255] ep 3/12 eps 1.5/255 loss 0.5700  fit_val clean 0.7942  robust 0.6889  (7.7 min)
  [trades_eps2_255] ep 4/12 eps 2.0/255 loss 0.5551  fit_val clean 0.7960  robust 0.6853  (10.1 min)
  [trades_eps2_255] ep 5/12 eps 2.0/255 loss 0.5264  fit_val clean 0.7781  robust 0.7151  (12.8 min)
  [trades_eps2_255] ep 6/12 eps 2.0/255 loss 0.5024  fit_val clean 0.7960  robust 0.7234  (15.3 min)
  [trades_eps2_255] ep 7/12 eps 2.0/255 loss 0.4855  fit_val clean 0.8096  robust 0.7002  (17.9 min)
  [trades_eps2_255] ep 8/12 eps 2.0/255 loss 0.4701  fit_val clean 0.8049  robust 0.7151  (20.6 min)
  [trades_eps2_255] ep 9/12 eps 2.0/255 loss 0.4509  fit_val clean 0.8180  robust 0.7204  (23.2 min)
  [trades_eps2_255] ep10/12 eps 2.0/255 loss 0.4326  fit_val clean 0.7983  robust 0.6913  (25.7 min)
  [trades_eps2_255] ep11/12 eps 2.0/255 loss 0.4181  fit_val clean 0.8120  robust 0.7061  (28.3 min)
  [trades_eps2_255] ep12/12 eps 2.0/255 loss 0.4048  fit_val clean 0.8096  robust 0.7127  (30.9 min)
  [trades_eps2_255] best 0.7234 -> /home/samuel-renteria/Desktop/FILES/PROJECTS/trustfake/wp1/runs/checkpoints/trades_eps2_255.pt  (30.9 min)
