=== standard ===
/home/samuel-renteria/Desktop/FILES/PROJECTS/trustfake/wp1/src/train.py:185: UserWarning: Converting a tensor with requires_grad=True to a scalar may lead to unexpected behavior.
Consider using tensor.detach() first. (Triggered internally at /__w/pytorch/pytorch/torch/csrc/autograd/generated/python_variable_methods.cpp:822.)
  run_loss += float(loss) * y.numel()
  [standard] ep 1/12 loss 0.4715  fit_val clean 0.8269  robust 0.0000  (0.9 min)
  [standard] ep 2/12 loss 0.2616  fit_val clean 0.7299  robust 0.0000  (1.7 min)
  [standard] ep 3/12 loss 0.1809  fit_val clean 0.8566  robust 0.0000  (2.4 min)
  [standard] ep 4/12 loss 0.1428  fit_val clean 0.7894  robust 0.0000  (3.2 min)
  [standard] ep 5/12 loss 0.1102  fit_val clean 0.7287  robust 0.0000  (4.0 min)
  [standard] ep 6/12 loss 0.1046  fit_val clean 0.8055  robust 0.0000  (4.9 min)
  [standard] ep 7/12 loss 0.0716  fit_val clean 0.8697  robust 0.0048  (5.7 min)
  [standard] ep 8/12 loss 0.0669  fit_val clean 0.7626  robust 0.0208  (6.4 min)
  [standard] ep 9/12 loss 0.0511  fit_val clean 0.8275  robust 0.0036  (7.1 min)
  [standard] ep10/12 loss 0.0335  fit_val clean 0.8168  robust 0.0196  (7.9 min)
  [standard] ep11/12 loss 0.0226  fit_val clean 0.8263  robust 0.0190  (8.6 min)
  [standard] ep12/12 loss 0.0193  fit_val clean 0.8305  robust 0.0173  (9.6 min)
  [standard] best 0.8697 -> /home/samuel-renteria/Desktop/FILES/PROJECTS/trustfake/wp1/runs/checkpoints/standard.pt  (9.6 min)
=== at_pgd ===
  [at_pgd] ep 1/12 loss 0.7647  fit_val clean 0.5277  robust 0.0000  (3.3 min)
  [at_pgd] ep 2/12 loss 0.7525  fit_val clean 0.5057  robust 0.0071  (6.2 min)
  [at_pgd] ep 3/12 loss 0.7411  fit_val clean 0.4729  robust 0.0000  (8.7 min)
  [at_pgd] ep 4/12 loss 0.7254  fit_val clean 0.4943  robust 0.4503  (11.0 min)
  [at_pgd] ep 5/12 loss 0.7171  fit_val clean 0.4943  robust 0.4943  (13.5 min)
  [at_pgd] ep 6/12 loss 0.7102  fit_val clean 0.4943  robust 0.4943  (16.0 min)
